<testsuites id="" name="" tests="1" failures="0" skipped="0" errors="0" time="0.879086">
<testsuite name="starter/smoke.e2e.ts" timestamp="2025-07-08T03:48:05.398Z" hostname="chromium" tests="1" failures="0" skipped="0" time="0.361" errors="0">
<testcase name="Starter App - 冒烟测试 › 应用应该正常加载" classname="starter/smoke.e2e.ts" time="0.361">
</testcase>
</testsuite>
</testsuites>